// Jest Snapshot v1, https://goo.gl/fbAQLP

exports[`parseArguments should parse arguments with format: date time from to 1`] = `
Object {
  "date": "8.8.",
  "dateTime": "2019-04-23T18:00:00.000Z",
  "from": "Tehtaankatu 24",
  "time": "21:00",
  "to": "Koirapuisto",
}
`;

exports[`parseArguments should parse arguments with format: from to date time 1`] = `
Object {
  "date": "8.8.",
  "dateTime": "2019-04-23T18:00:00.000Z",
  "from": "Tehtaankatu 24",
  "time": "21:00",
  "to": "Koirapuisto",
}
`;

exports[`parseArguments should parse arguments with format: from to time date 1`] = `
Object {
  "date": "8.8.",
  "dateTime": "2019-04-23T18:00:00.000Z",
  "from": "Tehtaankatu 24",
  "time": "21:00",
  "to": "Koirapuisto",
}
`;

exports[`parseArguments should parse arguments with format: time date from to 1`] = `
Object {
  "date": "8.8.",
  "dateTime": "2019-04-23T18:00:00.000Z",
  "from": "Tehtaankatu 24",
  "time": "21:00",
  "to": "Koirapuisto",
}
`;
